// Jest Snapshot v1, https://goo.gl/fbAQLP

exports[`Header component matches snapshot 1`] = `
<DocumentFragment>
  <nav>
    <ul
      class="flex-row"
    />
  </nav>
</DocumentFragment>
`;
