// Jest Snapshot v1, https://goo.gl/fbAQLP

exports[`Footer component matches snapshot 1`] = `
<DocumentFragment>
  <footer
    class="my-footer"
  >
    <ul
      class="flex-row"
    >
      <li>
        <a
          href="https://github.com/dbaber-2u"
        >
          <img
            alt="GitHub"
            src="github.png"
          />
        </a>
      </li>
      <li>
        <a
          href="https://linkedin.com/dbaber-2u"
        >
          <img
            alt="LinkedIn"
            src="linkedin.png"
          />
        </a>
      </li>
      <li>
        Twitter
      </li>
    </ul>
  </footer>
</DocumentFragment>
`;
